../Core/Src/main.c:66:6:HAL_GPIO_EXTI_Callback	16	static
../Core/Src/main.c:84:6:heartbeat	8	static
../Core/Src/main.c:93:6:turn_signal_left	8	static
../Core/Src/main.c:108:6:turn_signal_right	8	static
../Core/Src/main.c:123:6:parking_signal	8	static
../Core/Src/main.c:142:5:main	8	static
../Core/Src/main.c:189:6:SystemClock_Config	96	static
../Core/Src/main.c:240:13:MX_USART2_UART_Init	8	static
../Core/Src/main.c:275:13:MX_GPIO_Init	40	static
../Core/Src/main.c:339:6:Error_Handler	4	static,ignoring_inline_asm
