../Core/Src/main.c:69:6:HAL_GPIO_EXTI_Callback	16	static
../Core/Src/main.c:106:6:heartbeat	8	static
../Core/Src/main.c:115:6:turn_signal_left	8	static
../Core/Src/main.c:130:6:turn_signal_right	8	static
../Core/Src/main.c:145:6:parking_signal	8	static
../Core/Src/main.c:164:5:main	8	static
../Core/Src/main.c:211:6:SystemClock_Config	96	static
../Core/Src/main.c:262:13:MX_USART2_UART_Init	8	static
../Core/Src/main.c:297:13:MX_GPIO_Init	40	static
../Core/Src/main.c:361:6:Error_Handler	4	static,ignoring_inline_asm
